ASPNETCORE_CONFIG=live
ASPNETCORE_ENVIRONMENT=dev
TENANT=default
SENDGRID_API_KEY=
PDF_URL=https://pdf.dev.domain.net/api
WEBHOOK_BASE_URL=
