ASPNETCORE_CONFIG=live
ASPNETCORE_ENVIRONMENT=prod
TENANT=customer1
SENDGRID_API_KEY=apikey-secret-value-for-customer1
PDF_URL=https://pdf.customer1.prod.domain.net/api
WEBHOOK_BASE_URL=
GITHUB_API_KEY=github-apikey-secret-value
GITHUB_CLIENT_ID=github-clientid-secret-value
