ASPNETCORE_CONFIG=live
ASPNETCORE_ENVIRONMENT=dev
TENANT=demo1
SENDGRID_API_KEY=
PDF_URL=https://pdf.demo1.dev.domain.net/api
WEBHOOK_BASE_URL=
GITHUB_API_KEY=
GITHUB_CLIENT_ID=
