ASPNETCORE_CONFIG=development
ASPNETCORE_ENVIRONMENT=local
TENANT=demo1
SENDGRID_API_KEY=
PDF_URL=http://pdf.local.domain.net/api
WEBHOOK_BASE_URL=
GITHUB_API_KEY=
GITHUB_CLIENT_ID=
