ASPNETCORE_CONFIG=development
ASPNETCORE_ENVIRONMENT=local
TENANT=default
SENDGRID_API_KEY=
PDF_URL=http://pdf.local.domain.net/api
WEBHOOK_BASE_URL=
