BASE_PROPERTY=default value
PROPERTY_FORMATTING_FIRST_TIME=is the charm
PROPERTY_FORMATTING_FALLBACK=fallback
